 g-trouve
.reddit.com
.sexe
18only
69.com
absolustreaming
absolutube.com
alohatube
amateur.
amateurcoquin
amateurs.
analdin.com
arthyredir
avaleuse
babe
baiser
bangbros
beeg.com
best-dates-you
bestandfree
beurettesvideo
bigtitszone
blogdefolie
blowjob
blowjobs
bongacams
bordel
branlette
bravotube.net
camovore.com
cannelleetmelisse
chaturbate
chez-cathy
cicisex
colmax.com
coqnu
coquine.com
crocotube
cumlouder
dailyplaisir
desirsetfantasmes
djatoya
doeda
empfix.com
encule
erog.fr
exosrv
fapvid.com
fellation
femme-offerte
fillenues
filmsxenfrancais
freeteens
fuck
g-trouve
gay.com
gay.fr
gay0day
gays.
gaytag
gourmandix
gratuit.monster
hclips.com
hdhole
hdzog.com
hentai-paradise
hog.tv
hot-sex
hotbab
hotocean
hotsex
hudgecock
ilfattoquotidiano
imgur.com
incest-vid
instaflrt
ipuss.tv
iwank.tv
jacquieetmichel
jerkncum
jihad
jizzbunker.com
jmec
koi-de-neuf
koku
kompoz
lavideodujour
lespompeurs
livejasmin
love7date
luxure
masculine
mature
meine-dsgvo
meo.de
milf
milffox.com
mustvideos
mylust.com
nude
nuespournous
ozeex
pervers
pervert
petitabricot
planculs
pleasure.com
porn
prettykitt
putefrancaise
rabbitfinder
reallifecam
redtube
redwap2
ruedux
ruenu
salope
searchflings
sekso
sex.com
sexe-tel.net
sexe.
sexe.com
sexemodel
sexetag
sexmotors
sexpulse
sextape
sextv
sexu.com
sexuality
sexvidiohindi
sexy-parade
shameless
shewantyou
sleazyneasy
spankbang
starsvideo.tv
stripchat
stripchat
suceuse
suck
supersexeamateur
superviril.com
swiftfling.com
tameuf.com
tarenoi
tequilaxxx
thumbzilla.com
tiava.com
tnaflix.com
tonicmovies.com
tube188.com
tube4world
tube6.
tube8
tubedupe
tubesafari
tubewolf
tubex
tukif
v2q
veuxtube
videoamateur
videosdamateur
videosection.com
videosexegratuite
videosx
vigtees
virgins
voissa
voyeur
wankoz.com
www.amateur
wyylde.com
x-movies
xcafe
xdump.tv
xh.video
xhamster.com
xhamsterlive
xnxx
xozilla
xvideos
xxx
youjizz
yourlust.com
zlut
teenisyours
ketoncul
youtube
netflix
